[
  {
    "Path": "feat-compare.txt",
    "Added": true,
    "Renamed": false,
    "Deleted": false,
    "BlobID": "b3a3b1dc93cb4323ef918aa742227356e91ddf1e"
  }
]
