{
  "Path": "README.md",
  "Data": "IyBkcm9uZS15bWwtdGVzdAoKdGVzdA==",
  "Sha": "1563ebda9da15e6a7753431774920c62b168e5bb"
}