[
  {
    "ID": "787341",
    "Name": "",
    "Target": "http://test.kit101.com/webhook",
    "Events": [
      "push",
      "tag_push",
      "issues",
      "note",
      "merge_requests"
    ],
    "Active": true,
    "SkipVerify": true
  }
]