{
  "ID": 6877445,
  "Body": "it's ok.",
  "Author": {
    "Login": "kit101",
    "Avatar": "https://portrait.gitee.com/uploads/avatars/user/511/1535738_qkssk1711_1578953939.png"
  },
  "Created": "2021-09-29T11:00:50+08:00",
  "Updated": "2021-09-29T11:00:50+08:00"
}