{
  "name": "1.0",
  "Path": "refs/tags/1.0",
  "Sha": "5e7876efb3468ff679410b82a72f7c002382d41e"
}