[
  {
    "Name": "release-test",
    "Path": "refs/tags/release-test",
    "Sha": "25b13a79d771314d0075302178eb18aef79e80db"
  },
  {
    "name": "1.1",
    "Path": "refs/tags/1.1",
    "Sha": "5e7876efb3468ff679410b82a72f7c002382d41e"
  },
  {
    "name": "1.0",
    "Path": "refs/tags/1.0",
    "Sha": "5e7876efb3468ff679410b82a72f7c002382d41e"
  },
  {
    "name": "1.2",
    "Path": "refs/tags/1.2",
    "Sha": "5e7876efb3468ff679410b82a72f7c002382d41e"
  }
]