{
    "Path": "/README.md",
    "Data": "SGVsbG8gV29ybGQhCg==",
    "Sha": "2c0c712b26c3328ed66d5771213360812be9d035",
    "BlobID": "0ca446aab9d09eac8625b53e3df8da661976c458"
}