{
    "ID": "91f0d4cb-4c36-49a5-b28d-2d72da089c4d",
    "Name": "test_project",
    "Namespace": "ORG/test_project",
    "Branch": "main",
    "Link": "https://dev.azure.com/tphoney/d350c9c0-7749-4ff8-a78f-f9c1f0e56729/_apis/git/repositories/91f0d4cb-4c36-49a5-b28d-2d72da089c4d",
    "Clone": "https://tphoney@dev.azure.com/tphoney/test_project/_git/test_project"
}