{
  "Ref": "refs/heads/feature-branch",
  "BaseRef": "refs/heads/master",
  "Before": "0000000000000000000000000000000000000000",
  "After": "d2b75aa7797ec26b088fa2dd527e9d2c052fcedd",
  "Repo": {
    "ID": "13933572",
    "Namespace": "bradrydzewski",
    "Name": "drone-test-go",
    "Perm": null,
    "Branch": "master",
    "Private": true,
    "Clone": "https://github.com/bradrydzewski/drone-test-go.git",
    "CloneSSH": "git@github.com:bradrydzewski/drone-test-go.git",
    "Link": "https://github.com/bradrydzewski/drone-test-go",
    "Created": "0001-01-01T00:00:00Z",
    "Updated": "0001-01-01T00:00:00Z"
  },
  "Commit": {
    "Sha": "d2b75aa7797ec26b088fa2dd527e9d2c052fcedd",
    "Message": "Update .drone.yml",
    "Author": {
      "Name": "Brad Rydzewski",
      "Email": "brad.rydzewski@gmail.com",
      "Date": "2018-06-19T19:03:12-07:00",
      "Login": "bradrydzewski",
      "Avatar": ""
    },
    "Committer": {
      "Name": "GitHub",
      "Email": "noreply@github.com",
      "Date": "2018-06-19T19:03:12-07:00",
      "Login": "web-flow",
      "Avatar": ""
    },
    "Link": "https://github.com/bradrydzewski/drone-test-go/compare/feature-branch"
  },
  "Sender": {
    "Login": "bradrydzewski",
    "Name": "",
    "Email": "",
    "Avatar": "https://avatars1.githubusercontent.com/u/817538?v=4"
  },
  "Created": true
}