[
    {
        "Name": "master",
        "Path": "refs/heads/master",
        "Sha": "a6e5e7d797edf751cbd839d6bd4aef86c941eec9"
    },
    {
        "Name": "master-patch",
        "Path": "refs/heads/master-patch",
        "Sha": "a6e5e7d797edf751cbd839d6bd4aef86c941eec8"
    }
]