{
    "Number": 1,
    "Title": "JS fix",
    "Body": "Signed-off-by: Dmitriy Zaporozhets \u003cdmitriy.zaporozhets@gmail.com\u003e",
    "Sha": "12d65c8dd2b2676fa3ac47d955accc085a37a9c1",
    "Ref": "refs/merge-requests/1/head",
    "Source": "fix",
    "Target": "master",
    "Link": "https://gitlab.com/gitlab-org/testme/merge_requests/1",
    "Draft": false,
    "Closed": true,
    "Merged": false,
    "Author": {
        "Login": "dblessing",
        "Name": "Drew Blessing",
        "Email": "",
        "Avatar": "https://secure.gravatar.com/avatar/b5bf44866b4eeafa2d8114bfe15da02f?s=80\u0026d=identicon"
    },
    "Created": "2015-12-18T18:29:53.563Z",
    "Updated": "2015-12-18T18:30:22.522Z",
    "Labels": [
        {
            "name": "bug"
        },
        {
            "name": "documentation"
        }
    ]
}