{
  "Action": "reopened",
  "Repo": {
    "ID": "aba",
    "Namespace": "",
    "Name": "",
    "Branch": "main",
    "Private": false,
    "Clone": "http://localhost:3000/git/kmpySmUISimoRrJL6NL73w/myOrg/myProject/aba.git",
    "CloneSSH": "",
    "Link": "http://localhost:3000/git/kmpySmUISimoRrJL6NL73w/myOrg/myProject/aba.git",
    "Created": "0001-01-01T00:00:00Z",
    "Updated": "0001-01-01T00:00:00Z"
  },
  "PullRequest": {
    "Number": 4,
    "Title": "aw",
    "Body": "",
    "Sha": "f74f3d2a88d1b7cb19ff3bf069aa423763d341ef",
    "Ref": "refs/heads/b",
    "Source": "b",
    "Target": "main",
    "Fork": "fork",
    "Link": "http://localhost:3000/git/kmpySmUISimoRrJL6NL73w/myOrg/myProject/aba.git",
    "Closed": false,
    "Merged": false,
    "Author": {
      "Login": "",
      "Name": "Admin",
      "Email": "admin@harness.io",
      "Avatar": ""
    },
    "Created": "0001-01-01T00:00:00Z",
    "Updated": "0001-01-01T00:00:00Z"
  },
  "Sender": {
    "Login": "",
    "Name": "",
    "Email": "default@harness.io",
    "Avatar": ""
  }
}