{
  "Ref": "refs/tags/ddxas",
  "Before": "0f1835abe08473e07863540712d8389984b72dad",
  "After": "700b3dab8e7a5cebf5e1ce54e7dd5bde60099912",
  "Repo": {
    "ID": "16",
    "Namespace": "",
    "Name": "harness-core",
    "Perm": null,
    "Branch": "develop",
    "Private": false,
    "Clone": "http://localhost:3000/git/kmpySmUISimoRrJL6NL73w/harness-core.git",
    "CloneSSH": "",
    "Link": "http://localhost:3000/git/kmpySmUISimoRrJL6NL73w/harness-core.git",
    "Created": "0001-01-01T00:00:00Z",
    "Updated": "0001-01-01T00:00:00Z"
  },
  "Commit": {
    "Sha": "700b3dab8e7a5cebf5e1ce54e7dd5bde60099912",
    "Message": "Asd",
    "Author": {
      "Name": "Abhinav Singh",
      "Email": "abhinav.singh@harness.io",
      "Date": "0001-01-01T00:00:00Z",
      "Login": "",
      "Avatar": ""
    },
    "Committer": {
      "Name": "Abhinav Singh",
      "Email": "abhinav.singh@harness.io",
      "Date": "0001-01-01T00:00:00Z",
      "Login": "",
      "Avatar": ""
    },
    "Link": ""
  },
  "Commits": [
    {
      "Sha": "700b3dab8e7a5cebf5e1ce54e7dd5bde60099912",
      "Message": "Asd",
      "Author": {
        "Name": "Abhinav Singh",
        "Email": "abhinav.singh@harness.io",
        "Date": "0001-01-01T00:00:00Z",
        "Login": "",
        "Avatar": ""
      },
      "Committer": {
        "Name": "Abhinav Singh",
        "Email": "abhinav.singh@harness.io",
        "Date": "0001-01-01T00:00:00Z",
        "Login": "",
        "Avatar": ""
      },
      "Link": ""
    }
  ],
  "Sender": {
    "ID": "lv0euRhKRCyiXWzS7pOg6g",
    "Login": "lv0euRhKRCyiXWzS7pOg6g",
    "Name": "Admin",
    "Email": "admin@harness.io",
    "Avatar": "",
    "Created": "2023-11-27T05:20:19.051-08:00",
    "Updated": "2023-11-27T05:20:19.051-08:00"
  }
}