[
    {
        "Name": "master",
        "Path": "refs/heads/master",
        "Sha": "11ce869211917dd65610e70fcee454943b35ac6e"
    },
   {
        "Name": "master-patch",
        "Path": "refs/heads/master-patch",
        "Sha": "11ce869211917dd65610e70fcee454943b35ac6f"
    }
]