{
    "ID": 1,
    "Body": "this is a comment",
    "Author": {
        "Login": "jcitizen",
        "Name": "Jane Citizen",
        "Email": "jane@example.com",
        "Avatar": "https://www.gravatar.com/avatar/9e26471d35a78862c17e467d87cddedf.jpg"
    },
    "Created": "2018-07-04T22:58:45-07:00",
    "Updated": "2018-07-04T22:58:45-07:00"
}