{
    "Sha": "7fd1a60b01f91b314f59955a4e4d4e80d8edf11d",
    "Message": "Merge pull request #6 from Spaceghost/patch-1\n\nNew line at end of file.",
    "Author": {
        "Name": "The Octocat",
        "Email": "octocat@nowhere.com",
        "Date": "2012-03-06T23:06:50Z",
        "Login": "octocat",
        "Avatar": "https://avatars3.githubusercontent.com/u/583231?v=4"
    },
    "Committer": {
        "Name": "The Octocat",
        "Email": "octocat@nowhere.com",
        "Date": "2012-03-06T23:06:50Z",
        "Login": "octocat",
        "Avatar": "https://avatars3.githubusercontent.com/u/583231?v=4"
    },
    "Link": "https://github.com/octocat/Hello-World/commit/7fd1a60b01f91b314f59955a4e4d4e80d8edf11d",
    "Files": [
        {
            "Filename": "file1.txt",
            "Sha": "bbcd538c8e72b8c175046e27cc8f907076331401",
            "Status": "added"
        }
    ]
}
