{
    "Number": 1347,
    "Title": "new-feature",
    "Body": "Please pull these awesome changes",
    "Sha": "6dcb09b5b57875f334f61aebed695e2e4193db5e",
    "Ref": "refs/pull/1347/head",
    "Source": "new-topic",
    "Target": "master",
    "Fork": "octocat/Hello-World",
    "Link": "https://github.com/octocat/Hello-World/pull/1347",
    "Diff": "https://github.com/octocat/Hello-World/pull/1347.diff",
    "Draft": false,
    "Closed": false,
    "Merged": true,
    "Base": {
        "Sha": "6dcb09b5b57875f334f61aebed695e2e4193db5e",
        "Path": "refs/heads/master",
        "Name": "master"
    },
    "Head": {
        "Sha": "6dcb09b5b57875f334f61aebed695e2e4193db5e",
        "Path": "refs/heads/new-topic",
        "Name": "new-topic"
    },
    "Author": {
        "Login": "octocat",
        "Name": "",
        "Email": "",
        "Avatar": "https://github.com/images/error/octocat_happy.gif"
    },
    "Created": "2011-01-26T19:01:12Z",
    "Updated": "2011-01-26T19:01:12Z"
}